<html>
<body>
<pre>
<h1>礦ision Build Log</h1>
<h2>Tool Versions:</h2>
IDE-Version: μVision V5.37.0.0
Copyright (C) 2022 ARM Ltd and ARM Germany GmbH. All rights reserved.
License Information: s stenvens, s, LIC=MPPLD-86FUD-HLYCL-0GHHV-28WH9-PAFG6
 
Tool Versions:
Toolchain:       MDK-ARM Plus  Version: 5.37.0.0
Toolchain Path:  C:\Keil_v5\ARM\ARM_Compiler_5.06u7\Bin
C Compiler:      Armcc.exe V5.06 update 7 (build 960)
Assembler:       Armasm.exe V5.06 update 7 (build 960)
Linker/Locator:  ArmLink.exe V5.06 update 7 (build 960)
Library Manager: ArmAr.exe V5.06 update 7 (build 960)
Hex Converter:   FromElf.exe V5.06 update 7 (build 960)
CPU DLL:         SARMCM3.DLL V5.37.0.0
Dialog DLL:      DCM.DLL V1.17.5.0
Target DLL:      STLink\ST-LINKIII-KEIL_SWO.dll V3.0.9.0
Dialog DLL:      TCM.DLL V1.56.1.0
 
<h2>Project:</h2>
C:\Users\stenvens\Desktop\ymodem_tool-develop\ymodem_pro\slave\stm32f103xe\boot\MDK-ARM\boot.uvprojx
Project File Date:  10/06/2022

<h2>Output:</h2>
*** Using Compiler 'V5.06 update 7 (build 960)', folder: 'C:\Keil_v5\ARM\ARM_Compiler_5.06u7\Bin'
Build target 'boot'
assembling startup_stm32f103xe.s...
compiling stm32f1xx_ll_exti.c...
compiling stm32f1xx_ll_pwr.c...
compiling stm32f1xx_ll_gpio.c...
compiling stm32f1xx_ll_usart.c...
compiling stm32f1xx_ll_rcc.c...
compiling stm32f1xx_ll_dma.c...
compiling stm32f1xx_ll_utils.c...
compiling stm32f1xx_it.c...
compiling hal_delay.c...
compiling main.c...
compiling stm32f1xx_hal_flash.c...
compiling system_stm32f1xx.c...
compiling stm32f1xx_hal_cortex.c...
compiling stm32f1xx_hal_flash_ex.c...
compiling bsp_uart.c...
compiling boot_iap.c...
compiling bsp_flash.c...
compiling bsp_sysclk.c...
compiling common.c...
compiling menu.c...
compiling ymodem.c...
compiling boot_interface.c...
compiling boot_param.c...
..\funclib\boot_param.c(29): warning:  #223-D: function "bsp_flash_write_double_word" declared implicitly
  		bsp_flash_write_double_word(start_address, data);
..\funclib\boot_param.c: 1 warning, 0 errors
linking...
Program Size: Code=4724 RO-data=444 RW-data=24 ZI-data=4416  
FromELF: creating hex file...
After Build - User command #1: "..\Resource\MergeHEX.bat"
C:\Users\stenvens\Desktop\ymodem_tool-develop\ymodem_pro\slave\stm32f103xe\boot\MDK-ARM>rem 如果Keil安装位置非C盘，则设置为新的fromelf.exe位置 
C:\Users\stenvens\Desktop\ymodem_tool-develop\ymodem_pro\slave\stm32f103xe\boot\MDK-ARM>C:\Keil_v5\ARM\ARMCC\bin\fromelf.exe --bin -o "..\Resource\BootLoader.bin" "..\MDK-ARM\boot\boot.axf" 
系统找不到指定的路径。
C:\Users\stenvens\Desktop\ymodem_tool-develop\ymodem_pro\slave\stm32f103xe\boot\MDK-ARM>copy "..\MDK-ARM\boot\boot.hex" "..\Resource\BootLoader.Hex" 
已复制         1 个文件。
"boot\boot.axf" - 0 Error(s), 1 Warning(s).

<h2>Software Packages used:</h2>

Package Vendor: ARM
                http://www.keil.com/pack/ARM.CMSIS.5.9.0.pack
                ARM.CMSIS.5.9.0
                CMSIS (Common Microcontroller Software Interface Standard)
   * Component: CORE Version: 5.6.0

<h2>Collection of Component include folders:</h2>
  ./RTE/_boot
  C:/Users/stenvens/AppData/Local/Arm/Packs/ARM/CMSIS/5.9.0/CMSIS/Core/Include

<h2>Collection of Component Files used:</h2>

   * Component: ARM::CMSIS:CORE:5.6.0
      Include file:  CMSIS/Core/Include/tz_context.h
Build Time Elapsed:  00:00:08
</pre>
</body>
</html>
