<html>
<body>
<pre>
<h1>礦ision Build Log</h1>
<h2>Tool Versions:</h2>
IDE-Version: μVision V5.31.0.0
Copyright (C) 2020 ARM Ltd and ARM Germany GmbH. All rights reserved.
License Information: big Administrator, lu, LIC=21E4T-RKL1Y-GKIBG-VC74X-6VJY0-7E1NQ
 
Tool Versions:
Toolchain:       MDK-ARM Plus  Version: 5.31.0.0
Toolchain Path:  C:\Keil_v5\ARM\ARMCC\Bin
C Compiler:      Armcc.exe V5.06 update 6 (build 750)
Assembler:       Armasm.exe V5.06 update 6 (build 750)
Linker/Locator:  ArmLink.exe V5.06 update 6 (build 750)
Library Manager: ArmAr.exe V5.06 update 6 (build 750)
Hex Converter:   FromElf.exe V5.06 update 6 (build 750)
CPU DLL:         SARMCM3.DLL V5.31.0.0
Dialog DLL:      DARMCM1.DLL V1.19.3.0
Target DLL:      STLink\ST-LINKIII-KEIL_SWO.dll V3.0.7.0
Dialog DLL:      TARMCM1.DLL V1.14.2.0
 
<h2>Project:</h2>
D:\study\biglu\gitee\ymodem_tool\ymodem_base\slave\hc32f030\app\MDK\HC32F030J8TA.uvprojx
Project File Date:  03/27/2022

<h2>Output:</h2>
*** Using Compiler 'V5.06 update 6 (build 750)', folder: 'C:\Keil_v5\ARM\ARMCC\Bin'
Build target 'HC32F030J8TA_Release'
compiling main.c...
linking...
Program Size: Code=5076 RO-data=284 RW-data=48 ZI-data=704  
FromELF: creating hex file...
After Build - User command #1: "..\Resource\MergeHEX.bat"
D:\study\biglu\gitee\ymodem_tool\ymodem_base\slave\hc32f030\app\MDK>rem 如果Keil安装位置非C盘，则设置为新的fromelf.exe位置 
D:\study\biglu\gitee\ymodem_tool\ymodem_base\slave\hc32f030\app\MDK>C:\Keil_v5\ARM\ARMCC\bin\fromelf.exe --bin -o "..\Output\App.bin" "..\MDK\output\release\output.axf" 
D:\study\biglu\gitee\ymodem_tool\ymodem_base\slave\hc32f030\app\MDK>..\Resource\mergehex.exe --merge ..\Resource\BootLoader.hex   ..\MDK\output\release\output.hex    --output ..\Output\dest.hex  
Parsing ..\Resource\BootLoader.hex file.
Parsing ..\MDK\output\release\output.hex file.
Merging files.
Writing merged file.
".\output\release\output.axf" - 0 Error(s), 0 Warning(s).

<h2>Software Packages used:</h2>

Package Vendor: ARM
                http://www.keil.com/pack/ARM.CMSIS.5.7.0.pack
                ARM.CMSIS.5.7.0
                CMSIS (Cortex Microcontroller Software Interface Standard)
   * Component: CORE Version: 5.4.0

Package Vendor: HDSC
                https://raw.githubusercontent.com/hdscmcu/pack/master/HDSC.HC32F030.1.0.0.pack
                HDSC.HC32F030.1.0.0
                HC32F030 ARM Cortex-M0+ Device Family Pack

<h2>Collection of Component include folders:</h2>
  .\RTE\_HC32F030J8TA_Release
  C:\Users\Administrator\AppData\Local\Arm\Packs\ARM\CMSIS\5.7.0\CMSIS\Core\Include
  C:\Users\Administrator\AppData\Local\Arm\Packs\HDSC\HC32F030\1.0.0\Device\Include

<h2>Collection of Component Files used:</h2>

   * Component: ARM::CMSIS:CORE:5.4.0
Build Time Elapsed:  00:00:00
</pre>
</body>
</html>
